../my_stm32_drivers/Src/ssd1306.c:9:6:display	8	static
../my_stm32_drivers/Src/ssd1306.c:17:6:displayPartial	40	static
../my_stm32_drivers/Src/ssd1306.c:39:6:clearDisplay	16	static
../my_stm32_drivers/Src/ssd1306.c:46:6:OLED_display_init	40	static
../my_stm32_drivers/Src/ssd1306.c:64:6:normalDisplay	16	static
../my_stm32_drivers/Src/ssd1306.c:69:6:inverseDisplay	16	static
../my_stm32_drivers/Src/ssd1306.c:74:6:setContrast	24	static
../my_stm32_drivers/Src/ssd1306.c:79:6:resumeDisplay	16	static
../my_stm32_drivers/Src/ssd1306.c:84:6:displayON	16	static
../my_stm32_drivers/Src/ssd1306.c:89:6:displayOFF	16	static
../my_stm32_drivers/Src/ssd1306.c:94:6:allPixelsOn	16	static
../my_stm32_drivers/Src/ssd1306.c:99:6:setVerticalAddressingMode	16	static
../my_stm32_drivers/Src/ssd1306.c:103:6:setHorizontalAddressingMode	16	static
../my_stm32_drivers/Src/ssd1306.c:107:6:setPageAddressingRange	24	static
../my_stm32_drivers/Src/ssd1306.c:112:6:setColumnAddressingRange	24	static
../my_stm32_drivers/Src/ssd1306.c:117:6:sendCommand	16	static
../my_stm32_drivers/Src/ssd1306.c:121:6:sendData	16	static
../my_stm32_drivers/Src/ssd1306.c:125:6:drawPixel	32	static
../my_stm32_drivers/Src/ssd1306.c:136:6:erasePixel	32	static
../my_stm32_drivers/Src/ssd1306.c:147:6:drawChar	56	static
../my_stm32_drivers/Src/ssd1306.c:178:6:drawString	32	static
../my_stm32_drivers/Src/ssd1306.c:203:6:drawStringPartial	48	static
../my_stm32_drivers/Src/ssd1306.c:231:6:reverseString	32	static
../my_stm32_drivers/Src/ssd1306.c:243:7:itos	32	static
